/bin/bash: ./node_modules/.bin/expo: No such file or directory
